******************************************************************************
                  TI ARM Linker PC v18.12.1                    
******************************************************************************
>> Linked Fri May  3 22:14:50 2019

OUTPUT FILE NAME:   <P2_Function_Generator.out>
ENTRY POINT SYMBOL: "_c_int00_noargs"  address: 00001341


MEMORY CONFIGURATION

         name            origin    length      used     unused   attr    fill
----------------------  --------  ---------  --------  --------  ----  --------
  MAIN                  00000000   00040000  000019c2  0003e63e  R  X
  INFO                  00200000   00004000  00000000  00004000  R  X
  SRAM_CODE             01000000   00010000  00000788  0000f878  RW X
  SRAM_DATA             20000000   00010000  00000788  0000f878  RW  


SEGMENT ALLOCATION MAP

run origin  load origin   length   init length attrs members
----------  ----------- ---------- ----------- ----- -------
00000000    00000000    000019c8   000019c8    r-x
  00000000    00000000    000000e4   000000e4    r-- .intvecs
  000000e4    000000e4    000012c6   000012c6    r-x .text
  000013ac    000013ac    00000068   00000068    r-- .const
  00001418    00001418    000005b0   000005b0    r-- .cinit
20000000    20000000    00000588   00000000    rw-
  20000000    20000000    00000584   00000000    rw- .data
  20000584    20000584    00000004   00000000    rw- .bss
2000fe00    2000fe00    00000200   00000000    rw-
  2000fe00    2000fe00    00000200   00000000    rw- .stack


SECTION ALLOCATION MAP

 output                                  attributes/
section   page    origin      length       input sections
--------  ----  ----------  ----------   ----------------
.intvecs   0    00000000    000000e4     
                  00000000    000000e4     startup_msp432p401r_ccs.obj (.intvecs:retain)

.text      0    000000e4    000012c6     
                  000000e4    00000414     utils.obj (.text)
                  000004f8    00000334     system_msp432p401r.obj (.text)
                  0000082c    000002d8     lcd.obj (.text)
                  00000b04    000002ac     main.obj (.text)
                  00000db0    0000018c     keypad.obj (.text)
                  00000f3c    000000fc     spi.obj (.text)
                  00001038    000000f8     timerA.obj (.text)
                  00001130    000000c8     waveforms.obj (.text)
                  000011f8    0000009c     rtsv7M4_T_le_v4SPD16_eabi.lib : memcpy_t2.asm.obj (.text)
                  00001294    00000068                                   : copy_decompress_lzss.c.obj (.text:decompress:lzss:__TI_decompress_lzss)
                  000012fc    00000044                                   : autoinit.c.obj (.text:__TI_auto_init_nobinit_nopinit:__TI_auto_init_nobinit_nopinit)
                  00001340    00000034                                   : boot_cortex_m.c.obj (.text:_c_int00_noargs:_c_int00_noargs)
                  00001374    00000012                                   : copy_zero_init.c.obj (.text:decompress:ZI:__TI_zero_init_nomemset:__TI_zero_init_nomemset)
                  00001386    0000000e                                   : copy_decompress_none.c.obj (.text:decompress:none:__TI_decompress_none)
                  00001394    0000000e     startup_msp432p401r_ccs.obj (.text)
                  000013a2    00000004     rtsv7M4_T_le_v4SPD16_eabi.lib : pre_init.c.obj (.text:_system_pre_init)
                  000013a6    00000004                                   : exit.c.obj (.text:abort:abort)

.const     0    000013ac    00000068     
                  000013ac    00000028     lcd.obj (.const:lcd)
                  000013d4    00000014     keypad.obj (.const:keypad)
                  000013e8    0000000c     keypad.obj (.const:$P$T0$1)
                  000013f4    0000000c     spi.obj (.const:spi)
                  00001400    0000000c     waveforms.obj (.const:wave)
                  0000140c    00000008     timerA.obj (.const:timerA)

.cinit     0    00001418    000005b0     
                  00001418    0000058c     (.cinit..data.load) [load image]
                  000019a4    0000000c     (__TI_handler_table)
                  000019b0    00000008     (.cinit..bss.load) [load image, compression = zero_init]
                  000019b8    00000010     (__TI_cinit_table)

.init_array 
*          0    00000000    00000000     UNINITIALIZED

.binit     0    00000000    00000000     

.data      0    20000000    00000584     UNINITIALIZED
                  20000000    000002be     main.obj (.data:sineLUT)
                  200002be    000002bc     main.obj (.data:sawtoothLUT)
                  2000057a    00000002     keypad.obj (.data)
                  2000057c    00000004     main.obj (.data)
                  20000580    00000004     system_msp432p401r.obj (.data)

.bss       0    20000584    00000004     UNINITIALIZED
                  20000584    00000002     (.common:g_dacVal)
                  20000586    00000001     (.common:STATE)
                  20000587    00000001     (.common:waveOut)

.stack     0    2000fe00    00000200     UNINITIALIZED
                  2000fe00    00000004     rtsv7M4_T_le_v4SPD16_eabi.lib : boot_cortex_m.c.obj (.stack)
                  2000fe04    000001fc     --HOLE--

MODULE SUMMARY

       Module                        code   ro data   rw data
       ------                        ----   -------   -------
    .\
       main.obj                      684    0         2820   
       utils.obj                     1044   0         0      
       system_msp432p401r.obj        820    0         8      
       lcd.obj                       728    40        0      
       keypad.obj                    396    32        4      
       spi.obj                       252    12        0      
       timerA.obj                    248    8         0      
       startup_msp432p401r_ccs.obj   14     228       0      
       waveforms.obj                 200    12        0      
    +--+-----------------------------+------+---------+---------+
       Total:                        4386   332       2832   
                                                             
    C:\ti\ccs900\ccs\tools\compiler\ti-cgt-arm_18.12.1.LTS\lib\rtsv7M4_T_le_v4SPD16_eabi.lib
       memcpy_t2.asm.obj             156    0         0      
       copy_decompress_lzss.c.obj    104    0         0      
       autoinit.c.obj                68     0         0      
       boot_cortex_m.c.obj           52     0         0      
       copy_zero_init.c.obj          18     0         0      
       copy_decompress_none.c.obj    14     0         0      
       exit.c.obj                    4      0         0      
       pre_init.c.obj                4      0         0      
    +--+-----------------------------+------+---------+---------+
       Total:                        420    0         0      
                                                             
       Stack:                        0      0         1024   
       Linker Generated:             0      1456      0      
    +--+-----------------------------+------+---------+---------+
       Grand Total:                  4806   1788      3856   


LINKER GENERATED COPY TABLES

__TI_cinit_table @ 000019b8 records: 2, size/record: 8, table size: 16
	.data: load addr=00001418, load size=0000058c bytes, run addr=20000000, run size=00000584 bytes, compression=copy
	.bss: load addr=000019b0, load size=00000008 bytes, run addr=20000584, run size=00000004 bytes, compression=zero_init


LINKER GENERATED HANDLER TABLE

__TI_handler_table @ 000019a4 records: 3, size/record: 4, table size: 12
	index: 0, handler: __TI_decompress_lzss
	index: 1, handler: __TI_decompress_none
	index: 2, handler: __TI_zero_init


GLOBAL SYMBOLS: SORTED ALPHABETICALLY BY Name 

address   name                          
-------   ----                          
000013a1  ADC14_IRQHandler              
000013a1  AES256_IRQHandler             
000013a1  BusFault_Handler              
000013a7  C$$EXIT                       
2000057b  COL                           
000013a1  COMP_E0_IRQHandler            
000013a1  COMP_E1_IRQHandler            
000013a1  CS_IRQHandler                 
00000fc7  DAC_send                      
000013a1  DMA_ERR_IRQHandler            
000013a1  DMA_INT0_IRQHandler           
000013a1  DMA_INT1_IRQHandler           
000013a1  DMA_INT2_IRQHandler           
000013a1  DMA_INT3_IRQHandler           
000013a1  DebugMon_Handler              
000013a1  Default_Handler               
000009c1  EN                            
000013a1  EUSCIA0_IRQHandler            
000013a1  EUSCIA1_IRQHandler            
000013a1  EUSCIA2_IRQHandler            
000013a1  EUSCIA3_IRQHandler            
000013a1  EUSCIB0_IRQHandler            
000013a1  EUSCIB1_IRQHandler            
000013a1  EUSCIB2_IRQHandler            
000013a1  EUSCIB3_IRQHandler            
000013a1  FLCTL_IRQHandler              
000013a1  FPU_IRQHandler                
000013a1  HardFault_Handler             
00000db1  KPD_init                      
0000082d  LCD_init                      
000013a1  MemManage_Handler             
000013a1  NMI_Handler                   
000013a1  PCM_IRQHandler                
000013a1  PORT1_IRQHandler              
000013a1  PORT2_IRQHandler              
000013a1  PORT3_IRQHandler              
000013a1  PORT4_IRQHandler              
00000d3b  PORT5_IRQHandler              
00000d3b  PORT5_IRQHandler              
000013a1  PORT6_IRQHandler              
000013a1  PSS_IRQHandler                
000013a1  PendSV_Handler                
2000057a  ROW                           
00000997  RS                            
000013a1  RTC_C_IRQHandler              
0000096d  RW                            
00001395  Reset_Handler                 
00000f3d  SPI_init                      
00000fab  SPI_tx                        
20000586  STATE                         
000013a1  SVC_Handler                   
000013a1  SysTick_Handler               
20000580  SystemCoreClock               
000004f9  SystemCoreClockUpdate         
00000771  SystemInit                    
000013a1  T32_INT1_IRQHandler           
000013a1  T32_INT2_IRQHandler           
000013a1  T32_INTC_IRQHandler           
00000ca9  TA0_0_IRQHandler              
00000ca9  TA0_0_IRQHandler              
00000d11  TA0_N_IRQHandler              
00000d11  TA0_N_IRQHandler              
000013a1  TA1_0_IRQHandler              
000013a1  TA1_N_IRQHandler              
000013a1  TA2_0_IRQHandler              
000013a1  TA2_N_IRQHandler              
000013a1  TA3_0_IRQHandler              
000013a1  TA3_N_IRQHandler              
000013a1  UsageFault_Handler            
4000480c  WDTCTL_SYM                    
000013a1  WDT_A_IRQHandler              
20010000  __STACK_END                   
00000200  __STACK_SIZE                  
000019b8  __TI_CINIT_Base               
000019c8  __TI_CINIT_Limit              
000019a4  __TI_Handler_Table_Base       
000019b0  __TI_Handler_Table_Limit      
000012fd  __TI_auto_init_nobinit_nopinit
00001295  __TI_decompress_lzss          
00001387  __TI_decompress_none          
ffffffff  __TI_pprof_out_hndl           
ffffffff  __TI_prof_data_size           
ffffffff  __TI_prof_data_start          
00000000  __TI_static_base__            
00001375  __TI_zero_init_nomemset       
000011f9  __aeabi_memcpy                
000011f9  __aeabi_memcpy4               
000011f9  __aeabi_memcpy8               
ffffffff  __binit__                     
ffffffff  __c_args__                    
UNDEFED   __mpu_init                    
2000fe00  __stack                       
00001341  _c_int00_noargs               
UNDEFED   _system_post_cinit            
000013a3  _system_pre_init              
000013a7  abort                         
00000a63  backlight                     
ffffffff  binit                         
00000903  checkBusy                     
000009eb  clear                         
00000a8b  command                       
000002bd  delay_us                      
00000eeb  enableKPDInt                  
2000057c  g_LUTInc                      
20000584  g_dacVal                      
000009fd  home                          
00001039  init                          
00000000  interruptVectors              
00000dfb  keyPress                      
000013d4  keypad                        
000013ac  lcd                           
00000a59  line_2                        
00000b05  main                          
000011f9  memcpy                        
00000e23  poll                          
000008dd  primeData                     
00000a07  putchar                       
00000a17  putstr                        
00000e0f  release                       
000011b1  sawtooth                      
200002be  sawtoothLUT                   
00000957  sendData                      
00000a3d  setCursor                     
00000249  setDCO                        
00000197  setGPIO_even                  
000000e5  setGPIO_odd                   
000010e3  setVal                        
00001177  sine                          
20000000  sineLUT                       
000013f4  spi                           
00001131  square                        
0000140c  timerA                        
00001400  wave                          
20000587  waveOut                       
00000ac1  write                         


GLOBAL SYMBOLS: SORTED BY Symbol Address 

address   name                          
-------   ----                          
00000000  __TI_static_base__            
00000000  interruptVectors              
000000e5  setGPIO_odd                   
00000197  setGPIO_even                  
00000200  __STACK_SIZE                  
00000249  setDCO                        
000002bd  delay_us                      
000004f9  SystemCoreClockUpdate         
00000771  SystemInit                    
0000082d  LCD_init                      
000008dd  primeData                     
00000903  checkBusy                     
00000957  sendData                      
0000096d  RW                            
00000997  RS                            
000009c1  EN                            
000009eb  clear                         
000009fd  home                          
00000a07  putchar                       
00000a17  putstr                        
00000a3d  setCursor                     
00000a59  line_2                        
00000a63  backlight                     
00000a8b  command                       
00000ac1  write                         
00000b05  main                          
00000ca9  TA0_0_IRQHandler              
00000ca9  TA0_0_IRQHandler              
00000d11  TA0_N_IRQHandler              
00000d11  TA0_N_IRQHandler              
00000d3b  PORT5_IRQHandler              
00000d3b  PORT5_IRQHandler              
00000db1  KPD_init                      
00000dfb  keyPress                      
00000e0f  release                       
00000e23  poll                          
00000eeb  enableKPDInt                  
00000f3d  SPI_init                      
00000fab  SPI_tx                        
00000fc7  DAC_send                      
00001039  init                          
000010e3  setVal                        
00001131  square                        
00001177  sine                          
000011b1  sawtooth                      
000011f9  __aeabi_memcpy                
000011f9  __aeabi_memcpy4               
000011f9  __aeabi_memcpy8               
000011f9  memcpy                        
00001295  __TI_decompress_lzss          
000012fd  __TI_auto_init_nobinit_nopinit
00001341  _c_int00_noargs               
00001375  __TI_zero_init_nomemset       
00001387  __TI_decompress_none          
00001395  Reset_Handler                 
000013a1  ADC14_IRQHandler              
000013a1  AES256_IRQHandler             
000013a1  BusFault_Handler              
000013a1  COMP_E0_IRQHandler            
000013a1  COMP_E1_IRQHandler            
000013a1  CS_IRQHandler                 
000013a1  DMA_ERR_IRQHandler            
000013a1  DMA_INT0_IRQHandler           
000013a1  DMA_INT1_IRQHandler           
000013a1  DMA_INT2_IRQHandler           
000013a1  DMA_INT3_IRQHandler           
000013a1  DebugMon_Handler              
000013a1  Default_Handler               
000013a1  EUSCIA0_IRQHandler            
000013a1  EUSCIA1_IRQHandler            
000013a1  EUSCIA2_IRQHandler            
000013a1  EUSCIA3_IRQHandler            
000013a1  EUSCIB0_IRQHandler            
000013a1  EUSCIB1_IRQHandler            
000013a1  EUSCIB2_IRQHandler            
000013a1  EUSCIB3_IRQHandler            
000013a1  FLCTL_IRQHandler              
000013a1  FPU_IRQHandler                
000013a1  HardFault_Handler             
000013a1  MemManage_Handler             
000013a1  NMI_Handler                   
000013a1  PCM_IRQHandler                
000013a1  PORT1_IRQHandler              
000013a1  PORT2_IRQHandler              
000013a1  PORT3_IRQHandler              
000013a1  PORT4_IRQHandler              
000013a1  PORT6_IRQHandler              
000013a1  PSS_IRQHandler                
000013a1  PendSV_Handler                
000013a1  RTC_C_IRQHandler              
000013a1  SVC_Handler                   
000013a1  SysTick_Handler               
000013a1  T32_INT1_IRQHandler           
000013a1  T32_INT2_IRQHandler           
000013a1  T32_INTC_IRQHandler           
000013a1  TA1_0_IRQHandler              
000013a1  TA1_N_IRQHandler              
000013a1  TA2_0_IRQHandler              
000013a1  TA2_N_IRQHandler              
000013a1  TA3_0_IRQHandler              
000013a1  TA3_N_IRQHandler              
000013a1  UsageFault_Handler            
000013a1  WDT_A_IRQHandler              
000013a3  _system_pre_init              
000013a7  C$$EXIT                       
000013a7  abort                         
000013ac  lcd                           
000013d4  keypad                        
000013f4  spi                           
00001400  wave                          
0000140c  timerA                        
000019a4  __TI_Handler_Table_Base       
000019b0  __TI_Handler_Table_Limit      
000019b8  __TI_CINIT_Base               
000019c8  __TI_CINIT_Limit              
20000000  sineLUT                       
200002be  sawtoothLUT                   
2000057a  ROW                           
2000057b  COL                           
2000057c  g_LUTInc                      
20000580  SystemCoreClock               
20000584  g_dacVal                      
20000586  STATE                         
20000587  waveOut                       
2000fe00  __stack                       
20010000  __STACK_END                   
4000480c  WDTCTL_SYM                    
ffffffff  __TI_pprof_out_hndl           
ffffffff  __TI_prof_data_size           
ffffffff  __TI_prof_data_start          
ffffffff  __binit__                     
ffffffff  __c_args__                    
ffffffff  binit                         
UNDEFED   __mpu_init                    
UNDEFED   _system_post_cinit            

[135 symbols]
