******************************************************************************
                  TI ARM Linker PC v18.12.1                    
******************************************************************************
>> Linked Fri May  3 18:46:03 2019

OUTPUT FILE NAME:   <P2_Function_Generator.out>
ENTRY POINT SYMBOL: "_c_int00_noargs"  address: 0000104d


MEMORY CONFIGURATION

         name            origin    length      used     unused   attr    fill
----------------------  --------  ---------  --------  --------  ----  --------
  MAIN                  00000000   00040000  00001132  0003eece  R  X
  INFO                  00200000   00004000  00000000  00004000  R  X
  SRAM_CODE             01000000   00010000  00000216  0000fdea  RW X
  SRAM_DATA             20000000   00010000  00000216  0000fdea  RW  


SEGMENT ALLOCATION MAP

run origin  load origin   length   init length attrs members
----------  ----------- ---------- ----------- ----- -------
00000000    00000000    00001138   00001138    r-x
  00000000    00000000    000000e4   000000e4    r-- .intvecs
  000000e4    000000e4    00000fd2   00000fd2    r-x .text
  000010b8    000010b8    00000044   00000044    r-- .const
  00001100    00001100    00000038   00000038    r-- .cinit
20000000    20000000    00000016   00000000    rw-
  20000000    20000000    0000000c   00000000    rw- .bss
  2000000c    2000000c    0000000a   00000000    rw- .data
2000fe00    2000fe00    00000200   00000000    rw-
  2000fe00    2000fe00    00000200   00000000    rw- .stack


SECTION ALLOCATION MAP

 output                                  attributes/
section   page    origin      length       input sections
--------  ----  ----------  ----------   ----------------
.intvecs   0    00000000    000000e4     
                  00000000    000000e4     startup_msp432p401r_ccs.obj (.intvecs:retain)

.text      0    000000e4    00000fd2     
                  000000e4    00000414     utils.obj (.text)
                  000004f8    00000334     system_msp432p401r.obj (.text)
                  0000082c    000002a8     main.obj (.text)
                  00000ad4    00000184     keypad.obj (.text)
                  00000c58    000000fc     spi.obj (.text)
                  00000d54    000000f8     timerA.obj (.text)
                  00000e4c    000000b8     waveforms.obj (.text)
                  00000f04    0000009c     rtsv7M4_T_le_v4SPD16_eabi.lib : memcpy_t2.asm.obj (.text)
                  00000fa0    00000068                                   : copy_decompress_lzss.c.obj (.text:decompress:lzss:__TI_decompress_lzss)
                  00001008    00000044                                   : autoinit.c.obj (.text:__TI_auto_init_nobinit_nopinit:__TI_auto_init_nobinit_nopinit)
                  0000104c    00000034                                   : boot_cortex_m.c.obj (.text:_c_int00_noargs:_c_int00_noargs)
                  00001080    00000012                                   : copy_zero_init.c.obj (.text:decompress:ZI:__TI_zero_init_nomemset:__TI_zero_init_nomemset)
                  00001092    0000000e                                   : copy_decompress_none.c.obj (.text:decompress:none:__TI_decompress_none)
                  000010a0    0000000e     startup_msp432p401r_ccs.obj (.text)
                  000010ae    00000004     rtsv7M4_T_le_v4SPD16_eabi.lib : pre_init.c.obj (.text:_system_pre_init)
                  000010b2    00000004                                   : exit.c.obj (.text:abort:abort)

.const     0    000010b8    00000044     
                  000010b8    00000018     keypad.obj (.const:keypad)
                  000010d0    0000000c     keypad.obj (.const:$P$T0$1)
                  000010dc    0000000c     spi.obj (.const:spi)
                  000010e8    0000000c     waveforms.obj (.const:wave)
                  000010f4    00000008     timerA.obj (.const:timerA)

.cinit     0    00001100    00000038     
                  00001100    0000000e     (.cinit..data.load) [load image, compression = lzss]
                  0000110e    00000002     --HOLE-- [fill = 0]
                  00001110    0000000c     (__TI_handler_table)
                  0000111c    00000004     --HOLE-- [fill = 0]
                  00001120    00000008     (.cinit..bss.load) [load image, compression = zero_init]
                  00001128    00000010     (__TI_cinit_table)

.init_array 
*          0    00000000    00000000     UNINITIALIZED

.binit     0    00000000    00000000     

.bss       0    20000000    0000000c     UNINITIALIZED
                  20000000    00000004     (.common:sawtoothLUT)
                  20000004    00000004     (.common:sineLUT)
                  20000008    00000002     (.common:g_dacVal)
                  2000000a    00000001     (.common:STATE)
                  2000000b    00000001     (.common:waveOut)

.data      0    2000000c    0000000a     UNINITIALIZED
                  2000000c    00000004     main.obj (.data)
                  20000010    00000004     system_msp432p401r.obj (.data)
                  20000014    00000002     keypad.obj (.data)

.stack     0    2000fe00    00000200     UNINITIALIZED
                  2000fe00    00000004     rtsv7M4_T_le_v4SPD16_eabi.lib : boot_cortex_m.c.obj (.stack)
                  2000fe04    000001fc     --HOLE--

MODULE SUMMARY

       Module                        code   ro data   rw data
       ------                        ----   -------   -------
    .\
       utils.obj                     1044   0         0      
       system_msp432p401r.obj        820    0         8      
       main.obj                      680    0         32     
       keypad.obj                    388    36        4      
       spi.obj                       252    12        0      
       timerA.obj                    248    8         0      
       startup_msp432p401r_ccs.obj   14     228       0      
       waveforms.obj                 184    12        0      
    +--+-----------------------------+------+---------+---------+
       Total:                        3630   296       44     
                                                             
    C:\ti\ccs900\ccs\tools\compiler\ti-cgt-arm_18.12.1.LTS\lib\rtsv7M4_T_le_v4SPD16_eabi.lib
       memcpy_t2.asm.obj             156    0         0      
       copy_decompress_lzss.c.obj    104    0         0      
       autoinit.c.obj                68     0         0      
       boot_cortex_m.c.obj           52     0         0      
       copy_zero_init.c.obj          18     0         0      
       copy_decompress_none.c.obj    14     0         0      
       exit.c.obj                    4      0         0      
       pre_init.c.obj                4      0         0      
    +--+-----------------------------+------+---------+---------+
       Total:                        420    0         0      
                                                             
       Stack:                        0      0         1024   
       Linker Generated:             0      50        0      
    +--+-----------------------------+------+---------+---------+
       Grand Total:                  4050   346       1068   


LINKER GENERATED COPY TABLES

__TI_cinit_table @ 00001128 records: 2, size/record: 8, table size: 16
	.data: load addr=00001100, load size=0000000e bytes, run addr=2000000c, run size=0000000a bytes, compression=lzss
	.bss: load addr=00001120, load size=00000008 bytes, run addr=20000000, run size=0000000c bytes, compression=zero_init


LINKER GENERATED HANDLER TABLE

__TI_handler_table @ 00001110 records: 3, size/record: 4, table size: 12
	index: 0, handler: __TI_decompress_lzss
	index: 1, handler: __TI_decompress_none
	index: 2, handler: __TI_zero_init


GLOBAL SYMBOLS: SORTED ALPHABETICALLY BY Name 

address   name                          
-------   ----                          
000010ad  ADC14_IRQHandler              
000010ad  AES256_IRQHandler             
000010ad  BusFault_Handler              
000010b3  C$$EXIT                       
20000015  COL                           
000010ad  COMP_E0_IRQHandler            
000010ad  COMP_E1_IRQHandler            
000010ad  CS_IRQHandler                 
00000ce3  DAC_send                      
000010ad  DMA_ERR_IRQHandler            
000010ad  DMA_INT0_IRQHandler           
000010ad  DMA_INT1_IRQHandler           
000010ad  DMA_INT2_IRQHandler           
000010ad  DMA_INT3_IRQHandler           
000010ad  DebugMon_Handler              
000010ad  Default_Handler               
000010ad  EUSCIA0_IRQHandler            
000010ad  EUSCIA1_IRQHandler            
000010ad  EUSCIA2_IRQHandler            
000010ad  EUSCIA3_IRQHandler            
000010ad  EUSCIB0_IRQHandler            
000010ad  EUSCIB1_IRQHandler            
000010ad  EUSCIB2_IRQHandler            
000010ad  EUSCIB3_IRQHandler            
000010ad  FLCTL_IRQHandler              
000010ad  FPU_IRQHandler                
000010ad  HardFault_Handler             
00000ad5  KPD_init                      
000010ad  MemManage_Handler             
000010ad  NMI_Handler                   
000010ad  PCM_IRQHandler                
000010ad  PORT1_IRQHandler              
000010ad  PORT2_IRQHandler              
000010ad  PORT3_IRQHandler              
000010ad  PORT4_IRQHandler              
000010ad  PORT5_IRQHandler              
000010ad  PORT6_IRQHandler              
00000a6f  PORT_5_IRQHandler             
000010ad  PSS_IRQHandler                
000010ad  PendSV_Handler                
20000014  ROW                           
000010ad  RTC_C_IRQHandler              
000010a1  Reset_Handler                 
00000c59  SPI_init                      
00000cc7  SPI_tx                        
2000000a  STATE                         
000010ad  SVC_Handler                   
000010ad  SysTick_Handler               
20000010  SystemCoreClock               
000004f9  SystemCoreClockUpdate         
00000771  SystemInit                    
000010ad  T32_INT1_IRQHandler           
000010ad  T32_INT2_IRQHandler           
000010ad  T32_INTC_IRQHandler           
000009e1  TA0_0_IRQHandler              
000009e1  TA0_0_IRQHandler              
00000a3f  TA0_N_IRQHandler              
00000a3f  TA0_N_IRQHandler              
000010ad  TA1_0_IRQHandler              
000010ad  TA1_N_IRQHandler              
000010ad  TA2_0_IRQHandler              
000010ad  TA2_N_IRQHandler              
000010ad  TA3_0_IRQHandler              
000010ad  TA3_N_IRQHandler              
000010ad  UsageFault_Handler            
4000480c  WDTCTL_SYM                    
000010ad  WDT_A_IRQHandler              
20010000  __STACK_END                   
00000200  __STACK_SIZE                  
00001128  __TI_CINIT_Base               
00001138  __TI_CINIT_Limit              
00001110  __TI_Handler_Table_Base       
0000111c  __TI_Handler_Table_Limit      
00001009  __TI_auto_init_nobinit_nopinit
00000fa1  __TI_decompress_lzss          
00001093  __TI_decompress_none          
ffffffff  __TI_pprof_out_hndl           
ffffffff  __TI_prof_data_size           
ffffffff  __TI_prof_data_start          
00000000  __TI_static_base__            
00001081  __TI_zero_init_nomemset       
00000f05  __aeabi_memcpy                
00000f05  __aeabi_memcpy4               
00000f05  __aeabi_memcpy8               
ffffffff  __binit__                     
ffffffff  __c_args__                    
UNDEFED   __mpu_init                    
2000fe00  __stack                       
0000104d  _c_int00_noargs               
UNDEFED   _system_post_cinit            
000010af  _system_pre_init              
000010b3  abort                         
ffffffff  binit                         
000002bd  delay_us                      
00000c21  disableKPDInt                 
00000c05  enableKPDInt                  
2000000c  g_LUTInc                      
20000008  g_dacVal                      
00000d55  init                          
00000000  interruptVectors              
00000b1f  keyPress                      
000010b8  keypad                        
0000082d  main                          
00000f05  memcpy                        
00000b47  poll                          
00000b33  release                       
00000ec5  sawtooth                      
20000000  sawtoothLUT                   
00000249  setDCO                        
00000197  setGPIO_even                  
000000e5  setGPIO_odd                   
00000dff  setVal                        
00000e93  sine                          
20000004  sineLUT                       
000010dc  spi                           
00000e4d  square                        
000010f4  timerA                        
000010e8  wave                          
2000000b  waveOut                       


GLOBAL SYMBOLS: SORTED BY Symbol Address 

address   name                          
-------   ----                          
00000000  __TI_static_base__            
00000000  interruptVectors              
000000e5  setGPIO_odd                   
00000197  setGPIO_even                  
00000200  __STACK_SIZE                  
00000249  setDCO                        
000002bd  delay_us                      
000004f9  SystemCoreClockUpdate         
00000771  SystemInit                    
0000082d  main                          
000009e1  TA0_0_IRQHandler              
000009e1  TA0_0_IRQHandler              
00000a3f  TA0_N_IRQHandler              
00000a3f  TA0_N_IRQHandler              
00000a6f  PORT_5_IRQHandler             
00000ad5  KPD_init                      
00000b1f  keyPress                      
00000b33  release                       
00000b47  poll                          
00000c05  enableKPDInt                  
00000c21  disableKPDInt                 
00000c59  SPI_init                      
00000cc7  SPI_tx                        
00000ce3  DAC_send                      
00000d55  init                          
00000dff  setVal                        
00000e4d  square                        
00000e93  sine                          
00000ec5  sawtooth                      
00000f05  __aeabi_memcpy                
00000f05  __aeabi_memcpy4               
00000f05  __aeabi_memcpy8               
00000f05  memcpy                        
00000fa1  __TI_decompress_lzss          
00001009  __TI_auto_init_nobinit_nopinit
0000104d  _c_int00_noargs               
00001081  __TI_zero_init_nomemset       
00001093  __TI_decompress_none          
000010a1  Reset_Handler                 
000010ad  ADC14_IRQHandler              
000010ad  AES256_IRQHandler             
000010ad  BusFault_Handler              
000010ad  COMP_E0_IRQHandler            
000010ad  COMP_E1_IRQHandler            
000010ad  CS_IRQHandler                 
000010ad  DMA_ERR_IRQHandler            
000010ad  DMA_INT0_IRQHandler           
000010ad  DMA_INT1_IRQHandler           
000010ad  DMA_INT2_IRQHandler           
000010ad  DMA_INT3_IRQHandler           
000010ad  DebugMon_Handler              
000010ad  Default_Handler               
000010ad  EUSCIA0_IRQHandler            
000010ad  EUSCIA1_IRQHandler            
000010ad  EUSCIA2_IRQHandler            
000010ad  EUSCIA3_IRQHandler            
000010ad  EUSCIB0_IRQHandler            
000010ad  EUSCIB1_IRQHandler            
000010ad  EUSCIB2_IRQHandler            
000010ad  EUSCIB3_IRQHandler            
000010ad  FLCTL_IRQHandler              
000010ad  FPU_IRQHandler                
000010ad  HardFault_Handler             
000010ad  MemManage_Handler             
000010ad  NMI_Handler                   
000010ad  PCM_IRQHandler                
000010ad  PORT1_IRQHandler              
000010ad  PORT2_IRQHandler              
000010ad  PORT3_IRQHandler              
000010ad  PORT4_IRQHandler              
000010ad  PORT5_IRQHandler              
000010ad  PORT6_IRQHandler              
000010ad  PSS_IRQHandler                
000010ad  PendSV_Handler                
000010ad  RTC_C_IRQHandler              
000010ad  SVC_Handler                   
000010ad  SysTick_Handler               
000010ad  T32_INT1_IRQHandler           
000010ad  T32_INT2_IRQHandler           
000010ad  T32_INTC_IRQHandler           
000010ad  TA1_0_IRQHandler              
000010ad  TA1_N_IRQHandler              
000010ad  TA2_0_IRQHandler              
000010ad  TA2_N_IRQHandler              
000010ad  TA3_0_IRQHandler              
000010ad  TA3_N_IRQHandler              
000010ad  UsageFault_Handler            
000010ad  WDT_A_IRQHandler              
000010af  _system_pre_init              
000010b3  C$$EXIT                       
000010b3  abort                         
000010b8  keypad                        
000010dc  spi                           
000010e8  wave                          
000010f4  timerA                        
00001110  __TI_Handler_Table_Base       
0000111c  __TI_Handler_Table_Limit      
00001128  __TI_CINIT_Base               
00001138  __TI_CINIT_Limit              
20000000  sawtoothLUT                   
20000004  sineLUT                       
20000008  g_dacVal                      
2000000a  STATE                         
2000000b  waveOut                       
2000000c  g_LUTInc                      
20000010  SystemCoreClock               
20000014  ROW                           
20000015  COL                           
2000fe00  __stack                       
20010000  __STACK_END                   
4000480c  WDTCTL_SYM                    
ffffffff  __TI_pprof_out_hndl           
ffffffff  __TI_prof_data_size           
ffffffff  __TI_prof_data_start          
ffffffff  __binit__                     
ffffffff  __c_args__                    
ffffffff  binit                         
UNDEFED   __mpu_init                    
UNDEFED   _system_post_cinit            

[119 symbols]
