******************************************************************************
                  TI ARM Linker PC v18.12.1                    
******************************************************************************
>> Linked Fri May  3 22:04:05 2019

OUTPUT FILE NAME:   <P2_Function_Generator.out>
ENTRY POINT SYMBOL: "_c_int00_noargs"  address: 0000134d


MEMORY CONFIGURATION

         name            origin    length      used     unused   attr    fill
----------------------  --------  ---------  --------  --------  ----  --------
  MAIN                  00000000   00040000  000019ce  0003e632  R  X
  INFO                  00200000   00004000  00000000  00004000  R  X
  SRAM_CODE             01000000   00010000  00000788  0000f878  RW X
  SRAM_DATA             20000000   00010000  00000788  0000f878  RW  


SEGMENT ALLOCATION MAP

run origin  load origin   length   init length attrs members
----------  ----------- ---------- ----------- ----- -------
00000000    00000000    000019d0   000019d0    r-x
  00000000    00000000    000000e4   000000e4    r-- .intvecs
  000000e4    000000e4    000012d2   000012d2    r-x .text
  000013b8    000013b8    00000068   00000068    r-- .const
  00001420    00001420    000005b0   000005b0    r-- .cinit
20000000    20000000    00000588   00000000    rw-
  20000000    20000000    00000584   00000000    rw- .data
  20000584    20000584    00000004   00000000    rw- .bss
2000fe00    2000fe00    00000200   00000000    rw-
  2000fe00    2000fe00    00000200   00000000    rw- .stack


SECTION ALLOCATION MAP

 output                                  attributes/
section   page    origin      length       input sections
--------  ----  ----------  ----------   ----------------
.intvecs   0    00000000    000000e4     
                  00000000    000000e4     startup_msp432p401r_ccs.obj (.intvecs:retain)

.text      0    000000e4    000012d2     
                  000000e4    00000414     utils.obj (.text)
                  000004f8    00000334     system_msp432p401r.obj (.text)
                  0000082c    000002d8     lcd.obj (.text)
                  00000b04    000002b8     main.obj (.text)
                  00000dbc    0000018c     keypad.obj (.text)
                  00000f48    000000fc     spi.obj (.text)
                  00001044    000000f8     timerA.obj (.text)
                  0000113c    000000c8     waveforms.obj (.text)
                  00001204    0000009c     rtsv7M4_T_le_v4SPD16_eabi.lib : memcpy_t2.asm.obj (.text)
                  000012a0    00000068                                   : copy_decompress_lzss.c.obj (.text:decompress:lzss:__TI_decompress_lzss)
                  00001308    00000044                                   : autoinit.c.obj (.text:__TI_auto_init_nobinit_nopinit:__TI_auto_init_nobinit_nopinit)
                  0000134c    00000034                                   : boot_cortex_m.c.obj (.text:_c_int00_noargs:_c_int00_noargs)
                  00001380    00000012                                   : copy_zero_init.c.obj (.text:decompress:ZI:__TI_zero_init_nomemset:__TI_zero_init_nomemset)
                  00001392    0000000e                                   : copy_decompress_none.c.obj (.text:decompress:none:__TI_decompress_none)
                  000013a0    0000000e     startup_msp432p401r_ccs.obj (.text)
                  000013ae    00000004     rtsv7M4_T_le_v4SPD16_eabi.lib : pre_init.c.obj (.text:_system_pre_init)
                  000013b2    00000004                                   : exit.c.obj (.text:abort:abort)

.const     0    000013b8    00000068     
                  000013b8    00000028     lcd.obj (.const:lcd)
                  000013e0    00000014     keypad.obj (.const:keypad)
                  000013f4    0000000c     keypad.obj (.const:$P$T0$1)
                  00001400    0000000c     spi.obj (.const:spi)
                  0000140c    0000000c     waveforms.obj (.const:wave)
                  00001418    00000008     timerA.obj (.const:timerA)

.cinit     0    00001420    000005b0     
                  00001420    0000058c     (.cinit..data.load) [load image]
                  000019ac    0000000c     (__TI_handler_table)
                  000019b8    00000008     (.cinit..bss.load) [load image, compression = zero_init]
                  000019c0    00000010     (__TI_cinit_table)

.init_array 
*          0    00000000    00000000     UNINITIALIZED

.binit     0    00000000    00000000     

.data      0    20000000    00000584     UNINITIALIZED
                  20000000    000002be     main.obj (.data:sineLUT)
                  200002be    000002bc     main.obj (.data:sawtoothLUT)
                  2000057a    00000002     keypad.obj (.data)
                  2000057c    00000004     main.obj (.data)
                  20000580    00000004     system_msp432p401r.obj (.data)

.bss       0    20000584    00000004     UNINITIALIZED
                  20000584    00000002     (.common:g_dacVal)
                  20000586    00000001     (.common:STATE)
                  20000587    00000001     (.common:waveOut)

.stack     0    2000fe00    00000200     UNINITIALIZED
                  2000fe00    00000004     rtsv7M4_T_le_v4SPD16_eabi.lib : boot_cortex_m.c.obj (.stack)
                  2000fe04    000001fc     --HOLE--

MODULE SUMMARY

       Module                        code   ro data   rw data
       ------                        ----   -------   -------
    .\
       main.obj                      696    0         2820   
       utils.obj                     1044   0         0      
       system_msp432p401r.obj        820    0         8      
       lcd.obj                       728    40        0      
       keypad.obj                    396    32        4      
       spi.obj                       252    12        0      
       timerA.obj                    248    8         0      
       startup_msp432p401r_ccs.obj   14     228       0      
       waveforms.obj                 200    12        0      
    +--+-----------------------------+------+---------+---------+
       Total:                        4398   332       2832   
                                                             
    C:\ti\ccs900\ccs\tools\compiler\ti-cgt-arm_18.12.1.LTS\lib\rtsv7M4_T_le_v4SPD16_eabi.lib
       memcpy_t2.asm.obj             156    0         0      
       copy_decompress_lzss.c.obj    104    0         0      
       autoinit.c.obj                68     0         0      
       boot_cortex_m.c.obj           52     0         0      
       copy_zero_init.c.obj          18     0         0      
       copy_decompress_none.c.obj    14     0         0      
       exit.c.obj                    4      0         0      
       pre_init.c.obj                4      0         0      
    +--+-----------------------------+------+---------+---------+
       Total:                        420    0         0      
                                                             
       Stack:                        0      0         1024   
       Linker Generated:             0      1456      0      
    +--+-----------------------------+------+---------+---------+
       Grand Total:                  4818   1788      3856   


LINKER GENERATED COPY TABLES

__TI_cinit_table @ 000019c0 records: 2, size/record: 8, table size: 16
	.data: load addr=00001420, load size=0000058c bytes, run addr=20000000, run size=00000584 bytes, compression=copy
	.bss: load addr=000019b8, load size=00000008 bytes, run addr=20000584, run size=00000004 bytes, compression=zero_init


LINKER GENERATED HANDLER TABLE

__TI_handler_table @ 000019ac records: 3, size/record: 4, table size: 12
	index: 0, handler: __TI_decompress_lzss
	index: 1, handler: __TI_decompress_none
	index: 2, handler: __TI_zero_init


GLOBAL SYMBOLS: SORTED ALPHABETICALLY BY Name 

address   name                          
-------   ----                          
000013ad  ADC14_IRQHandler              
000013ad  AES256_IRQHandler             
000013ad  BusFault_Handler              
000013b3  C$$EXIT                       
2000057b  COL                           
000013ad  COMP_E0_IRQHandler            
000013ad  COMP_E1_IRQHandler            
000013ad  CS_IRQHandler                 
00000fd3  DAC_send                      
000013ad  DMA_ERR_IRQHandler            
000013ad  DMA_INT0_IRQHandler           
000013ad  DMA_INT1_IRQHandler           
000013ad  DMA_INT2_IRQHandler           
000013ad  DMA_INT3_IRQHandler           
000013ad  DebugMon_Handler              
000013ad  Default_Handler               
000009c1  EN                            
000013ad  EUSCIA0_IRQHandler            
000013ad  EUSCIA1_IRQHandler            
000013ad  EUSCIA2_IRQHandler            
000013ad  EUSCIA3_IRQHandler            
000013ad  EUSCIB0_IRQHandler            
000013ad  EUSCIB1_IRQHandler            
000013ad  EUSCIB2_IRQHandler            
000013ad  EUSCIB3_IRQHandler            
000013ad  FLCTL_IRQHandler              
000013ad  FPU_IRQHandler                
000013ad  HardFault_Handler             
00000dbd  KPD_init                      
0000082d  LCD_init                      
000013ad  MemManage_Handler             
000013ad  NMI_Handler                   
000013ad  PCM_IRQHandler                
000013ad  PORT1_IRQHandler              
000013ad  PORT2_IRQHandler              
000013ad  PORT3_IRQHandler              
000013ad  PORT4_IRQHandler              
00000d3b  PORT5_IRQHandler              
00000d3b  PORT5_IRQHandler              
000013ad  PORT6_IRQHandler              
000013ad  PSS_IRQHandler                
000013ad  PendSV_Handler                
2000057a  ROW                           
00000997  RS                            
000013ad  RTC_C_IRQHandler              
0000096d  RW                            
000013a1  Reset_Handler                 
00000f49  SPI_init                      
00000fb7  SPI_tx                        
20000586  STATE                         
000013ad  SVC_Handler                   
000013ad  SysTick_Handler               
20000580  SystemCoreClock               
000004f9  SystemCoreClockUpdate         
00000771  SystemInit                    
000013ad  T32_INT1_IRQHandler           
000013ad  T32_INT2_IRQHandler           
000013ad  T32_INTC_IRQHandler           
00000ca9  TA0_0_IRQHandler              
00000ca9  TA0_0_IRQHandler              
00000d11  TA0_N_IRQHandler              
00000d11  TA0_N_IRQHandler              
000013ad  TA1_0_IRQHandler              
000013ad  TA1_N_IRQHandler              
000013ad  TA2_0_IRQHandler              
000013ad  TA2_N_IRQHandler              
000013ad  TA3_0_IRQHandler              
000013ad  TA3_N_IRQHandler              
000013ad  UsageFault_Handler            
4000480c  WDTCTL_SYM                    
000013ad  WDT_A_IRQHandler              
20010000  __STACK_END                   
00000200  __STACK_SIZE                  
000019c0  __TI_CINIT_Base               
000019d0  __TI_CINIT_Limit              
000019ac  __TI_Handler_Table_Base       
000019b8  __TI_Handler_Table_Limit      
00001309  __TI_auto_init_nobinit_nopinit
000012a1  __TI_decompress_lzss          
00001393  __TI_decompress_none          
ffffffff  __TI_pprof_out_hndl           
ffffffff  __TI_prof_data_size           
ffffffff  __TI_prof_data_start          
00000000  __TI_static_base__            
00001381  __TI_zero_init_nomemset       
00001205  __aeabi_memcpy                
00001205  __aeabi_memcpy4               
00001205  __aeabi_memcpy8               
ffffffff  __binit__                     
ffffffff  __c_args__                    
UNDEFED   __mpu_init                    
2000fe00  __stack                       
0000134d  _c_int00_noargs               
UNDEFED   _system_post_cinit            
000013af  _system_pre_init              
000013b3  abort                         
00000a63  backlight                     
ffffffff  binit                         
00000903  checkBusy                     
000009eb  clear                         
00000a8b  command                       
000002bd  delay_us                      
00000ef7  enableKPDInt                  
2000057c  g_LUTInc                      
20000584  g_dacVal                      
000009fd  home                          
00001045  init                          
00000000  interruptVectors              
00000e07  keyPress                      
000013e0  keypad                        
000013b8  lcd                           
00000a59  line_2                        
00000b05  main                          
00001205  memcpy                        
00000e2f  poll                          
000008dd  primeData                     
00000a07  putchar                       
00000a17  putstr                        
00000e1b  release                       
000011bd  sawtooth                      
200002be  sawtoothLUT                   
00000957  sendData                      
00000a3d  setCursor                     
00000249  setDCO                        
00000197  setGPIO_even                  
000000e5  setGPIO_odd                   
000010ef  setVal                        
00001183  sine                          
20000000  sineLUT                       
00001400  spi                           
0000113d  square                        
00001418  timerA                        
0000140c  wave                          
20000587  waveOut                       
00000ac1  write                         


GLOBAL SYMBOLS: SORTED BY Symbol Address 

address   name                          
-------   ----                          
00000000  __TI_static_base__            
00000000  interruptVectors              
000000e5  setGPIO_odd                   
00000197  setGPIO_even                  
00000200  __STACK_SIZE                  
00000249  setDCO                        
000002bd  delay_us                      
000004f9  SystemCoreClockUpdate         
00000771  SystemInit                    
0000082d  LCD_init                      
000008dd  primeData                     
00000903  checkBusy                     
00000957  sendData                      
0000096d  RW                            
00000997  RS                            
000009c1  EN                            
000009eb  clear                         
000009fd  home                          
00000a07  putchar                       
00000a17  putstr                        
00000a3d  setCursor                     
00000a59  line_2                        
00000a63  backlight                     
00000a8b  command                       
00000ac1  write                         
00000b05  main                          
00000ca9  TA0_0_IRQHandler              
00000ca9  TA0_0_IRQHandler              
00000d11  TA0_N_IRQHandler              
00000d11  TA0_N_IRQHandler              
00000d3b  PORT5_IRQHandler              
00000d3b  PORT5_IRQHandler              
00000dbd  KPD_init                      
00000e07  keyPress                      
00000e1b  release                       
00000e2f  poll                          
00000ef7  enableKPDInt                  
00000f49  SPI_init                      
00000fb7  SPI_tx                        
00000fd3  DAC_send                      
00001045  init                          
000010ef  setVal                        
0000113d  square                        
00001183  sine                          
000011bd  sawtooth                      
00001205  __aeabi_memcpy                
00001205  __aeabi_memcpy4               
00001205  __aeabi_memcpy8               
00001205  memcpy                        
000012a1  __TI_decompress_lzss          
00001309  __TI_auto_init_nobinit_nopinit
0000134d  _c_int00_noargs               
00001381  __TI_zero_init_nomemset       
00001393  __TI_decompress_none          
000013a1  Reset_Handler                 
000013ad  ADC14_IRQHandler              
000013ad  AES256_IRQHandler             
000013ad  BusFault_Handler              
000013ad  COMP_E0_IRQHandler            
000013ad  COMP_E1_IRQHandler            
000013ad  CS_IRQHandler                 
000013ad  DMA_ERR_IRQHandler            
000013ad  DMA_INT0_IRQHandler           
000013ad  DMA_INT1_IRQHandler           
000013ad  DMA_INT2_IRQHandler           
000013ad  DMA_INT3_IRQHandler           
000013ad  DebugMon_Handler              
000013ad  Default_Handler               
000013ad  EUSCIA0_IRQHandler            
000013ad  EUSCIA1_IRQHandler            
000013ad  EUSCIA2_IRQHandler            
000013ad  EUSCIA3_IRQHandler            
000013ad  EUSCIB0_IRQHandler            
000013ad  EUSCIB1_IRQHandler            
000013ad  EUSCIB2_IRQHandler            
000013ad  EUSCIB3_IRQHandler            
000013ad  FLCTL_IRQHandler              
000013ad  FPU_IRQHandler                
000013ad  HardFault_Handler             
000013ad  MemManage_Handler             
000013ad  NMI_Handler                   
000013ad  PCM_IRQHandler                
000013ad  PORT1_IRQHandler              
000013ad  PORT2_IRQHandler              
000013ad  PORT3_IRQHandler              
000013ad  PORT4_IRQHandler              
000013ad  PORT6_IRQHandler              
000013ad  PSS_IRQHandler                
000013ad  PendSV_Handler                
000013ad  RTC_C_IRQHandler              
000013ad  SVC_Handler                   
000013ad  SysTick_Handler               
000013ad  T32_INT1_IRQHandler           
000013ad  T32_INT2_IRQHandler           
000013ad  T32_INTC_IRQHandler           
000013ad  TA1_0_IRQHandler              
000013ad  TA1_N_IRQHandler              
000013ad  TA2_0_IRQHandler              
000013ad  TA2_N_IRQHandler              
000013ad  TA3_0_IRQHandler              
000013ad  TA3_N_IRQHandler              
000013ad  UsageFault_Handler            
000013ad  WDT_A_IRQHandler              
000013af  _system_pre_init              
000013b3  C$$EXIT                       
000013b3  abort                         
000013b8  lcd                           
000013e0  keypad                        
00001400  spi                           
0000140c  wave                          
00001418  timerA                        
000019ac  __TI_Handler_Table_Base       
000019b8  __TI_Handler_Table_Limit      
000019c0  __TI_CINIT_Base               
000019d0  __TI_CINIT_Limit              
20000000  sineLUT                       
200002be  sawtoothLUT                   
2000057a  ROW                           
2000057b  COL                           
2000057c  g_LUTInc                      
20000580  SystemCoreClock               
20000584  g_dacVal                      
20000586  STATE                         
20000587  waveOut                       
2000fe00  __stack                       
20010000  __STACK_END                   
4000480c  WDTCTL_SYM                    
ffffffff  __TI_pprof_out_hndl           
ffffffff  __TI_prof_data_size           
ffffffff  __TI_prof_data_start          
ffffffff  __binit__                     
ffffffff  __c_args__                    
ffffffff  binit                         
UNDEFED   __mpu_init                    
UNDEFED   _system_post_cinit            

[135 symbols]
